Archive member included to satisfy reference by file (symbol)

c:/users/fascinating_sea/.eide/tools/gcc_arm/bin/../lib/gcc/arm-none-eabi/10.2.1/../../../../arm-none-eabi/lib/thumb/v7e-m+fp/hard\libc_nano.a(lib_a-errno.o)
                              build/debug/syscalls.o (__errno)
c:/users/fascinating_sea/.eide/tools/gcc_arm/bin/../lib/gcc/arm-none-eabi/10.2.1/../../../../arm-none-eabi/lib/thumb/v7e-m+fp/hard\libc_nano.a(lib_a-exit.o)
                              c:/users/fascinating_sea/.eide/tools/gcc_arm/bin/../lib/gcc/arm-none-eabi/10.2.1/../../../../arm-none-eabi/lib/thumb/v7e-m+fp/hard/crt0.o (exit)
c:/users/fascinating_sea/.eide/tools/gcc_arm/bin/../lib/gcc/arm-none-eabi/10.2.1/../../../../arm-none-eabi/lib/thumb/v7e-m+fp/hard\libc_nano.a(lib_a-impure.o)
                              c:/users/fascinating_sea/.eide/tools/gcc_arm/bin/../lib/gcc/arm-none-eabi/10.2.1/../../../../arm-none-eabi/lib/thumb/v7e-m+fp/hard\libc_nano.a(lib_a-exit.o) (_global_impure_ptr)
c:/users/fascinating_sea/.eide/tools/gcc_arm/bin/../lib/gcc/arm-none-eabi/10.2.1/../../../../arm-none-eabi/lib/thumb/v7e-m+fp/hard\libc_nano.a(lib_a-init.o)
                              c:/users/fascinating_sea/.eide/tools/gcc_arm/bin/../lib/gcc/arm-none-eabi/10.2.1/../../../../arm-none-eabi/lib/thumb/v7e-m+fp/hard/crt0.o (__libc_init_array)
c:/users/fascinating_sea/.eide/tools/gcc_arm/bin/../lib/gcc/arm-none-eabi/10.2.1/../../../../arm-none-eabi/lib/thumb/v7e-m+fp/hard\libc_nano.a(lib_a-memset.o)
                              c:/users/fascinating_sea/.eide/tools/gcc_arm/bin/../lib/gcc/arm-none-eabi/10.2.1/../../../../arm-none-eabi/lib/thumb/v7e-m+fp/hard/crt0.o (memset)
c:/users/fascinating_sea/.eide/tools/gcc_arm/bin/../lib/gcc/arm-none-eabi/10.2.1/thumb/v7e-m+fp/hard\libgcc.a(_aeabi_uldivmod.o)
                              build/debug/stm32f4xx_hal_rcc.o (__aeabi_uldivmod)
c:/users/fascinating_sea/.eide/tools/gcc_arm/bin/../lib/gcc/arm-none-eabi/10.2.1/thumb/v7e-m+fp/hard\libgcc.a(_udivmoddi4.o)
                              c:/users/fascinating_sea/.eide/tools/gcc_arm/bin/../lib/gcc/arm-none-eabi/10.2.1/thumb/v7e-m+fp/hard\libgcc.a(_aeabi_uldivmod.o) (__udivmoddi4)
c:/users/fascinating_sea/.eide/tools/gcc_arm/bin/../lib/gcc/arm-none-eabi/10.2.1/thumb/v7e-m+fp/hard\libgcc.a(_dvmd_tls.o)
                              c:/users/fascinating_sea/.eide/tools/gcc_arm/bin/../lib/gcc/arm-none-eabi/10.2.1/thumb/v7e-m+fp/hard\libgcc.a(_aeabi_uldivmod.o) (__aeabi_ldiv0)

Discarded input sections

 .text          0x00000000        0x0 c:/users/fascinating_sea/.eide/tools/gcc_arm/bin/../lib/gcc/arm-none-eabi/10.2.1/thumb/v7e-m+fp/hard/crti.o
 .data          0x00000000        0x0 c:/users/fascinating_sea/.eide/tools/gcc_arm/bin/../lib/gcc/arm-none-eabi/10.2.1/thumb/v7e-m+fp/hard/crti.o
 .bss           0x00000000        0x0 c:/users/fascinating_sea/.eide/tools/gcc_arm/bin/../lib/gcc/arm-none-eabi/10.2.1/thumb/v7e-m+fp/hard/crti.o
 .data          0x00000000        0x4 c:/users/fascinating_sea/.eide/tools/gcc_arm/bin/../lib/gcc/arm-none-eabi/10.2.1/thumb/v7e-m+fp/hard/crtbegin.o
 .rodata        0x00000000       0x24 c:/users/fascinating_sea/.eide/tools/gcc_arm/bin/../lib/gcc/arm-none-eabi/10.2.1/thumb/v7e-m+fp/hard/crtbegin.o
 .data          0x00000000        0x0 c:/users/fascinating_sea/.eide/tools/gcc_arm/bin/../lib/gcc/arm-none-eabi/10.2.1/../../../../arm-none-eabi/lib/thumb/v7e-m+fp/hard/crt0.o
 .bss           0x00000000        0x0 c:/users/fascinating_sea/.eide/tools/gcc_arm/bin/../lib/gcc/arm-none-eabi/10.2.1/../../../../arm-none-eabi/lib/thumb/v7e-m+fp/hard/crt0.o
 .text          0x00000000        0x0 build/debug/gpio.o
 .data          0x00000000        0x0 build/debug/gpio.o
 .bss           0x00000000        0x0 build/debug/gpio.o
 .text          0x00000000        0x0 build/debug/main.o
 .data          0x00000000        0x0 build/debug/main.o
 .bss           0x00000000        0x0 build/debug/main.o
 .text          0x00000000        0x0 build/debug/stm32f4xx_hal.o
 .data          0x00000000        0x0 build/debug/stm32f4xx_hal.o
 .bss           0x00000000        0x0 build/debug/stm32f4xx_hal.o
 .text.HAL_MspInit
                0x00000000        0x2 build/debug/stm32f4xx_hal.o
 .text.HAL_MspDeInit
                0x00000000        0x2 build/debug/stm32f4xx_hal.o
 .text.HAL_DeInit
                0x00000000       0x2c build/debug/stm32f4xx_hal.o
 .text.HAL_GetTickPrio
                0x00000000        0xc build/debug/stm32f4xx_hal.o
 .text.HAL_SetTickFreq
                0x00000000       0x2c build/debug/stm32f4xx_hal.o
 .text.HAL_GetTickFreq
                0x00000000        0xc build/debug/stm32f4xx_hal.o
 .text.HAL_Delay
                0x00000000       0x28 build/debug/stm32f4xx_hal.o
 .text.HAL_SuspendTick
                0x00000000        0xe build/debug/stm32f4xx_hal.o
 .text.HAL_ResumeTick
                0x00000000        0xe build/debug/stm32f4xx_hal.o
 .text.HAL_GetHalVersion
[...]
Memory Configuration

Name             Origin             Length             Attributes
RAM              0x20000000         0x00020000         xrw
CCMRAM           0x10000000         0x00010000         xrw
FLASH            0x08000000         0x00100000         xr
*default*        0x00000000         0xffffffff

Linker script and memory map

LOAD c:/users/fascinating_sea/.eide/tools/gcc_arm/bin/../lib/gcc/arm-none-eabi/10.2.1/thumb/v7e-m+fp/hard/crti.o
LOAD c:/users/fascinating_sea/.eide/tools/gcc_arm/bin/../lib/gcc/arm-none-eabi/10.2.1/thumb/v7e-m+fp/hard/crtbegin.o
LOAD c:/users/fascinating_sea/.eide/tools/gcc_arm/bin/../lib/gcc/arm-none-eabi/10.2.1/../../../../arm-none-eabi/lib/thumb/v7e-m+fp/hard/crt0.o
LOAD build/debug/gpio.o
LOAD build/debug/main.o
LOAD build/debug/stm32f4xx_hal.o
LOAD build/debug/stm32f4xx_hal_cortex.o
LOAD build/debug/stm32f4xx_hal_dma.o
LOAD build/debug/stm32f4xx_hal_dma_ex.o
LOAD build/debug/stm32f4xx_hal_exti.o
LOAD build/debug/stm32f4xx_hal_flash.o
LOAD build/debug/stm32f4xx_hal_flash_ex.o
LOAD build/debug/stm32f4xx_hal_flash_ramfunc.o
LOAD build/debug/stm32f4xx_hal_gpio.o
LOAD build/debug/stm32f4xx_hal_msp.o
LOAD build/debug/stm32f4xx_hal_pwr.o
LOAD build/debug/stm32f4xx_hal_pwr_ex.o
LOAD build/debug/stm32f4xx_hal_rcc.o
LOAD build/debug/stm32f4xx_hal_rcc_ex.o
LOAD build/debug/stm32f4xx_it.o
LOAD build/debug/syscalls.o
LOAD build/debug/sysmem.o
LOAD build/debug/system_stm32f4xx.o
LOAD build/debug/startup_stm32f407xx.o
LOAD c:/users/fascinating_sea/.eide/tools/gcc_arm/bin/../lib/gcc/arm-none-eabi/10.2.1/../../../../arm-none-eabi/lib/thumb/v7e-m+fp/hard\libc_nano.a
LOAD c:/users/fascinating_sea/.eide/tools/gcc_arm/bin/../lib/gcc/arm-none-eabi/10.2.1/../../../../arm-none-eabi/lib/thumb/v7e-m+fp/hard\libm.a
LOAD c:/users/fascinating_sea/.eide/tools/gcc_arm/bin/../lib/gcc/arm-none-eabi/10.2.1/../../../../arm-none-eabi/lib/thumb/v7e-m+fp/hard\libnosys.a
START GROUP
LOAD c:/users/fascinating_sea/.eide/tools/gcc_arm/bin/../lib/gcc/arm-none-eabi/10.2.1/thumb/v7e-m+fp/hard\libgcc.a
LOAD c:/users/fascinating_sea/.eide/tools/gcc_arm/bin/../lib/gcc/arm-none-eabi/10.2.1/../../../../arm-none-eabi/lib/thumb/v7e-m+fp/hard\libc_nano.a
END GROUP
START GROUP
LOAD c:/users/fascinating_sea/.eide/tools/gcc_arm/bin/../lib/gcc/arm-none-eabi/10.2.1/thumb/v7e-m+fp/hard\libgcc.a
LOAD c:/users/fascinating_sea/.eide/tools/gcc_arm/bin/../lib/gcc/arm-none-eabi/10.2.1/../../../../arm-none-eabi/lib/thumb/v7e-m+fp/hard\libc_nano.a
END GROUP
LOAD c:/users/fascinating_sea/.eide/tools/gcc_arm/bin/../lib/gcc/arm-none-eabi/10.2.1/thumb/v7e-m+fp/hard/crtend.o
LOAD c:/users/fascinating_sea/.eide/tools/gcc_arm/bin/../lib/gcc/arm-none-eabi/10.2.1/thumb/v7e-m+fp/hard/crtn.o
                0x20020000                _estack = (ORIGIN (RAM) + LENGTH (RAM))
                0x00000200                _Min_Heap_Size = 0x200
                0x00000400                _Min_Stack_Size = 0x400

.isr_vector     0x08000000      0x188
                0x08000000                . = ALIGN (0x4)
 *(.isr_vector)
 .isr_vector    0x08000000      0x188 build/debug/startup_stm32f407xx.o
                0x08000000                g_pfnVectors
                0x08000188                . = ALIGN (0x4)

.text           0x08000188      0xd9c
                0x08000188                . = ALIGN (0x4)
 *(.text)
 .text          0x08000188       0x40 c:/users/fascinating_sea/.eide/tools/gcc_arm/bin/../lib/gcc/arm-none-eabi/10.2.1/thumb/v7e-m+fp/hard/crtbegin.o
 .text          0x080001c8       0x7c c:/users/fascinating_sea/.eide/tools/gcc_arm/bin/../lib/gcc/arm-none-eabi/10.2.1/../../../../arm-none-eabi/lib/thumb/v7e-m+fp/hard/crt0.o
                0x080001c8                _stack_init
                0x080001d0                _start
                0x080001d0                _mainCRTStartup
 .text          0x08000244       0x30 c:/users/fascinating_sea/.eide/tools/gcc_arm/bin/../lib/gcc/arm-none-eabi/10.2.1/thumb/v7e-m+fp/hard\libgcc.a(_aeabi_uldivmod.o)
                0x08000244                __aeabi_uldivmod
 .text          0x08000274      0x2d0 c:/users/fascinating_sea/.eide/tools/gcc_arm/bin/../lib/gcc/arm-none-eabi/10.2.1/thumb/v7e-m+fp/hard\libgcc.a(_udivmoddi4.o)
                0x08000274                __udivmoddi4
 .text          0x08000544        0x4 c:/users/fascinating_sea/.eide/tools/gcc_arm/bin/../lib/gcc/arm-none-eabi/10.2.1/thumb/v7e-m+fp/hard\libgcc.a(_dvmd_tls.o)
                0x08000544                __aeabi_idiv0
                0x08000544                __aeabi_ldiv0
 *(.text*)
 .text.MX_GPIO_Init
                0x08000548       0x4c build/debug/gpio.o
                0x08000548                MX_GPIO_Init
 .text.Error_Handler
                0x08000594        0x4 build/debug/main.o
                0x08000594                Error_Handler
 .text.SystemClock_Config
                0x08000598       0xa8 build/debug/main.o
                0x08000598                SystemClock_Config
 .text.main     0x08000640       0x10 build/debug/main.o
                0x08000640                main
 .text.HAL_InitTick
                0x08000650       0x4c build/debug/stm32f4xx_hal.o
                0x08000650                HAL_InitTick
 .text.HAL_Init
                0x0800069c       0x34 build/debug/stm32f4xx_hal.o
                0x0800069c                HAL_Init
 .text.HAL_IncTick
                0x080006d0       0x18 build/debug/stm32f4xx_hal.o
                0x080006d0                HAL_IncTick
 .text.HAL_GetTick
                0x080006e8        0xc build/debug/stm32f4xx_hal.o
                0x080006e8                HAL_GetTick
 .text.HAL_NVIC_SetPriorityGrouping
                0x080006f4       0x24 build/debug/stm32f4xx_hal_cortex.o
                0x080006f4                HAL_NVIC_SetPriorityGrouping
 .text.HAL_NVIC_SetPriority
                0x08000718       0x70 build/debug/stm32f4xx_hal_cortex.o
                0x08000718                HAL_NVIC_SetPriority
 .text.HAL_SYSTICK_Config
                0x08000788       0x28 build/debug/stm32f4xx_hal_cortex.o
                0x08000788                HAL_SYSTICK_Config
 .text.HAL_MspInit
                0x080007b0       0x38 build/debug/stm32f4xx_hal_msp.o
                0x080007b0                HAL_MspInit
 .text.HAL_RCC_OscConfig
                0x080007e8      0x3f8 build/debug/stm32f4xx_hal_rcc.o
                0x080007e8                HAL_RCC_OscConfig
 .text.HAL_RCC_GetSysClockFreq
                0x08000be0       0xa4 build/debug/stm32f4xx_hal_rcc.o
                0x08000be0                HAL_RCC_GetSysClockFreq
 .text.HAL_RCC_ClockConfig
                0x08000c84      0x160 build/debug/stm32f4xx_hal_rcc.o
                0x08000c84                HAL_RCC_ClockConfig
 .text.NMI_Handler
                0x08000de4        0x2 build/debug/stm32f4xx_it.o
                0x08000de4                NMI_Handler
 .text.HardFault_Handler
                0x08000de6        0x2 build/debug/stm32f4xx_it.o
                0x08000de6                HardFault_Handler
 .text.MemManage_Handler
                0x08000de8        0x2 build/debug/stm32f4xx_it.o
                0x08000de8                MemManage_Handler
 .text.BusFault_Handler
                0x08000dea        0x2 build/debug/stm32f4xx_it.o
                0x08000dea                BusFault_Handler
 .text.UsageFault_Handler
                0x08000dec        0x2 build/debug/stm32f4xx_it.o
                0x08000dec                UsageFault_Handler
 .text.SVC_Handler
                0x08000dee        0x2 build/debug/stm32f4xx_it.o
                0x08000dee                SVC_Handler
 .text.DebugMon_Handler
                0x08000df0        0x2 build/debug/stm32f4xx_it.o
                0x08000df0                DebugMon_Handler
 .text.PendSV_Handler
                0x08000df2        0x2 build/debug/stm32f4xx_it.o
                0x08000df2                PendSV_Handler
 .text.SysTick_Handler
                0x08000df4        0x8 build/debug/stm32f4xx_it.o
                0x08000df4                SysTick_Handler
 .text._kill    0x08000dfc       0x10 build/debug/syscalls.o
                0x08000dfc                _kill
 .text._exit    0x08000e0c        0xc build/debug/syscalls.o
                0x08000e0c                _exit
 .text.SystemInit
                0x08000e18       0x14 build/debug/system_stm32f4xx.o
                0x08000e18                SystemInit
 .text.Reset_Handler
                0x08000e2c       0x50 build/debug/startup_stm32f407xx.o
                0x08000e2c                Reset_Handler
 .text.Default_Handler
                0x08000e7c        0x2 build/debug/startup_stm32f407xx.o
                0x08000e7c                RTC_Alarm_IRQHandler
                0x08000e7c                HASH_RNG_IRQHandler
                0x08000e7c                EXTI2_IRQHandler
                0x08000e7c                TIM8_CC_IRQHandler
                0x08000e7c                TIM1_CC_IRQHandler
                0x08000e7c                DMA2_Stream5_IRQHandler
                0x08000e7c                DMA1_Stream5_IRQHandler
                0x08000e7c                PVD_IRQHandler
                0x08000e7c                SDIO_IRQHandler
                0x08000e7c                TAMP_STAMP_IRQHandler
                0x08000e7c                CAN2_RX1_IRQHandler
                0x08000e7c                EXTI3_IRQHandler
                0x08000e7c                TIM8_TRG_COM_TIM14_IRQHandler
                0x08000e7c                TIM1_UP_TIM10_IRQHandler
                0x08000e7c                TIM8_UP_TIM13_IRQHandler
                0x08000e7c                I2C3_ER_IRQHandler
                0x08000e7c                EXTI0_IRQHandler
                0x08000e7c                I2C2_EV_IRQHandler
                0x08000e7c                DMA1_Stream2_IRQHandler
                0x08000e7c                CAN1_RX0_IRQHandler
                0x08000e7c                FPU_IRQHandler
                0x08000e7c                OTG_HS_WKUP_IRQHandler
                0x08000e7c                CAN2_SCE_IRQHandler
                0x08000e7c                DMA2_Stream2_IRQHandler
                0x08000e7c                SPI1_IRQHandler
                0x08000e7c                TIM6_DAC_IRQHandler
                0x08000e7c                TIM1_BRK_TIM9_IRQHandler
                0x08000e7c                DCMI_IRQHandler
                0x08000e7c                CAN2_RX0_IRQHandler
                0x08000e7c                DMA2_Stream3_IRQHandler
                0x08000e7c                USART6_IRQHandler
                0x08000e7c                USART3_IRQHandler
                0x08000e7c                CAN1_RX1_IRQHandler
                0x08000e7c                UART5_IRQHandler
                0x08000e7c                DMA2_Stream0_IRQHandler
                0x08000e7c                TIM4_IRQHandler
                0x08000e7c                I2C1_EV_IRQHandler
                0x08000e7c                DMA1_Stream6_IRQHandler
                0x08000e7c                DMA1_Stream1_IRQHandler
                0x08000e7c                UART4_IRQHandler
                0x08000e7c                TIM3_IRQHandler
                0x08000e7c                RCC_IRQHandler
                0x08000e7c                TIM8_BRK_TIM12_IRQHandler
                0x08000e7c                Default_Handler
                0x08000e7c                EXTI15_10_IRQHandler
                0x08000e7c                ADC_IRQHandler
                0x08000e7c                DMA1_Stream7_IRQHandler
                0x08000e7c                TIM7_IRQHandler
                0x08000e7c                CAN2_TX_IRQHandler
                0x08000e7c                TIM5_IRQHandler
                0x08000e7c                DMA2_Stream7_IRQHandler
                0x08000e7c                I2C3_EV_IRQHandler
                0x08000e7c                EXTI9_5_IRQHandler
                0x08000e7c                RTC_WKUP_IRQHandler
                0x08000e7c                ETH_WKUP_IRQHandler
                0x08000e7c                SPI2_IRQHandler
                0x08000e7c                OTG_HS_EP1_IN_IRQHandler
                0x08000e7c                DMA1_Stream0_IRQHandler
                0x08000e7c                CAN1_TX_IRQHandler
                0x08000e7c                EXTI4_IRQHandler
                0x08000e7c                FSMC_IRQHandler
                0x08000e7c                ETH_IRQHandler
                0x08000e7c                OTG_HS_EP1_OUT_IRQHandler
                0x08000e7c                WWDG_IRQHandler
                0x08000e7c                TIM2_IRQHandler
                0x08000e7c                OTG_FS_WKUP_IRQHandler
                0x08000e7c                TIM1_TRG_COM_TIM11_IRQHandler
                0x08000e7c                OTG_HS_IRQHandler
                0x08000e7c                EXTI1_IRQHandler
                0x08000e7c                USART2_IRQHandler
                0x08000e7c                I2C2_ER_IRQHandler
                0x08000e7c                DMA2_Stream1_IRQHandler
                0x08000e7c                CAN1_SCE_IRQHandler
                0x08000e7c                FLASH_IRQHandler
                0x08000e7c                DMA2_Stream4_IRQHandler
                0x08000e7c                USART1_IRQHandler
                0x08000e7c                OTG_FS_IRQHandler
                0x08000e7c                SPI3_IRQHandler
                0x08000e7c                DMA1_Stream4_IRQHandler
                0x08000e7c                I2C1_ER_IRQHandler
                0x08000e7c                DMA2_Stream6_IRQHandler
                0x08000e7c                DMA1_Stream3_IRQHandler
 *fill*         0x08000e7e        0x2 
 .text.__errno  0x08000e80        0xc c:/users/fascinating_sea/.eide/tools/gcc_arm/bin/../lib/gcc/arm-none-eabi/10.2.1/../../../../arm-none-eabi/lib/thumb/v7e-m+fp/hard\libc_nano.a(lib_a-errno.o)
                0x08000e80                __errno
 .text.exit     0x08000e8c       0x28 c:/users/fascinating_sea/.eide/tools/gcc_arm/bin/../lib/gcc/arm-none-eabi/10.2.1/../../../../arm-none-eabi/lib/thumb/v7e-m+fp/hard\libc_nano.a(lib_a-exit.o)
                0x08000e8c                exit
 .text.__libc_init_array
                0x08000eb4       0x48 c:/users/fascinating_sea/.eide/tools/gcc_arm/bin/../lib/gcc/arm-none-eabi/10.2.1/../../../../arm-none-eabi/lib/thumb/v7e-m+fp/hard\libc_nano.a(lib_a-init.o)
                0x08000eb4                __libc_init_array
 .text.memset   0x08000efc       0x10 c:/users/fascinating_sea/.eide/tools/gcc_arm/bin/../lib/gcc/arm-none-eabi/10.2.1/../../../../arm-none-eabi/lib/thumb/v7e-m+fp/hard\libc_nano.a(lib_a-memset.o)
                0x08000efc                memset
 *(.glue_7)
 .glue_7        0x08000f0c        0x0 linker stubs
 *(.glue_7t)
 .glue_7t       0x08000f0c        0x0 linker stubs
 *(.eh_frame)
 .eh_frame      0x08000f0c        0x0 c:/users/fascinating_sea/.eide/tools/gcc_arm/bin/../lib/gcc/arm-none-eabi/10.2.1/thumb/v7e-m+fp/hard/crtbegin.o
 *(.init)
 .init          0x08000f0c        0x4 c:/users/fascinating_sea/.eide/tools/gcc_arm/bin/../lib/gcc/arm-none-eabi/10.2.1/thumb/v7e-m+fp/hard/crti.o
                0x08000f0c                _init
 .init          0x08000f10        0x8 c:/users/fascinating_sea/.eide/tools/gcc_arm/bin/../lib/gcc/arm-none-eabi/10.2.1/thumb/v7e-m+fp/hard/crtn.o
 *(.fini)
 .fini          0x08000f18        0x4 c:/users/fascinating_sea/.eide/tools/gcc_arm/bin/../lib/gcc/arm-none-eabi/10.2.1/thumb/v7e-m+fp/hard/crti.o
                0x08000f18                _fini
 .fini          0x08000f1c        0x8 c:/users/fascinating_sea/.eide/tools/gcc_arm/bin/../lib/gcc/arm-none-eabi/10.2.1/thumb/v7e-m+fp/hard/crtn.o
                0x08000f24                . = ALIGN (0x4)
                0x08000f24                _etext = .

.vfp11_veneer   0x08000f24        0x0
 .vfp11_veneer  0x08000f24        0x0 linker stubs

.v4_bx          0x08000f24        0x0
 .v4_bx         0x08000f24        0x0 linker stubs

.iplt           0x08000f24        0x0
 .iplt          0x08000f24        0x0 c:/users/fascinating_sea/.eide/tools/gcc_arm/bin/../lib/gcc/arm-none-eabi/10.2.1/thumb/v7e-m+fp/hard/crtbegin.o

.rodata         0x08000f24       0x14
                0x08000f24                . = ALIGN (0x4)
 *(.rodata)
 *(.rodata*)
 .rodata.AHBPrescTable
                0x08000f24       0x10 build/debug/system_stm32f4xx.o
                0x08000f24                AHBPrescTable
 .rodata._global_impure_ptr
                0x08000f34        0x4 c:/users/fascinating_sea/.eide/tools/gcc_arm/bin/../lib/gcc/arm-none-eabi/10.2.1/../../../../arm-none-eabi/lib/thumb/v7e-m+fp/hard\libc_nano.a(lib_a-impure.o)
                0x08000f34                _global_impure_ptr
                0x08000f38                . = ALIGN (0x4)

.ARM.extab      0x08000f38        0x0
                0x08000f38                . = ALIGN (0x4)
 *(.ARM.extab* .gnu.linkonce.armextab.*)
 .ARM.extab     0x08000f38        0x0 c:/users/fascinating_sea/.eide/tools/gcc_arm/bin/../lib/gcc/arm-none-eabi/10.2.1/../../../../arm-none-eabi/lib/thumb/v7e-m+fp/hard/crt0.o
 .ARM.extab     0x08000f38        0x0 c:/users/fascinating_sea/.eide/tools/gcc_arm/bin/../lib/gcc/arm-none-eabi/10.2.1/thumb/v7e-m+fp/hard\libgcc.a(_udivmoddi4.o)
                0x08000f38                . = ALIGN (0x4)

.ARM            0x08000f38        0x8
                0x08000f38                . = ALIGN (0x4)
                0x08000f38                __exidx_start = .
 *(.ARM.exidx*)
 .ARM.exidx     0x08000f38        0x8 c:/users/fascinating_sea/.eide/tools/gcc_arm/bin/../lib/gcc/arm-none-eabi/10.2.1/../../../../arm-none-eabi/lib/thumb/v7e-m+fp/hard/crt0.o
                                 0x10 (size before relaxing)
 .ARM.exidx     0x08000f40        0x0 c:/users/fascinating_sea/.eide/tools/gcc_arm/bin/../lib/gcc/arm-none-eabi/10.2.1/thumb/v7e-m+fp/hard\libgcc.a(_udivmoddi4.o)
                                  0x8 (size before relaxing)
                0x08000f40                __exidx_end = .
                0x08000f40                . = ALIGN (0x4)

.rel.dyn        0x08000f40        0x0
 .rel.iplt      0x08000f40        0x0 c:/users/fascinating_sea/.eide/tools/gcc_arm/bin/../lib/gcc/arm-none-eabi/10.2.1/thumb/v7e-m+fp/hard/crtbegin.o

.preinit_array  0x08000f40        0x0
                0x08000f40                . = ALIGN (0x4)
                0x08000f40                PROVIDE (__preinit_array_start = .)
 *(.preinit_array*)
                0x08000f40                PROVIDE (__preinit_array_end = .)
                0x08000f40                . = ALIGN (0x4)

.init_array     0x08000f40        0x4
                0x08000f40                . = ALIGN (0x4)
                0x08000f40                PROVIDE (__init_array_start = .)
 *(SORT_BY_NAME(.init_array.*))
 *(.init_array*)
 .init_array    0x08000f40        0x4 c:/users/fascinating_sea/.eide/tools/gcc_arm/bin/../lib/gcc/arm-none-eabi/10.2.1/thumb/v7e-m+fp/hard/crtbegin.o
                0x08000f44                PROVIDE (__init_array_end = .)
                0x08000f44                . = ALIGN (0x4)

.fini_array     0x08000f44        0x4
                0x08000f44                . = ALIGN (0x4)
                [!provide]                PROVIDE (__fini_array_start = .)
 *(SORT_BY_NAME(.fini_array.*))
 *(.fini_array*)
 .fini_array    0x08000f44        0x4 c:/users/fascinating_sea/.eide/tools/gcc_arm/bin/../lib/gcc/arm-none-eabi/10.2.1/thumb/v7e-m+fp/hard/crtbegin.o
                [!provide]                PROVIDE (__fini_array_end = .)
                0x08000f48                . = ALIGN (0x4)
                0x08000f48                _sidata = LOADADDR (.data)

.data           0x20000000       0x70 load address 0x08000f48
                0x20000000                . = ALIGN (0x4)
                0x20000000                _sdata = .
 *(.data)
 *(.data*)
 .data.uwTickFreq
                0x20000000        0x1 build/debug/stm32f4xx_hal.o
                0x20000000                uwTickFreq
 *fill*         0x20000001        0x3 
 .data.uwTickPrio
                0x20000004        0x4 build/debug/stm32f4xx_hal.o
                0x20000004                uwTickPrio
 .data.SystemCoreClock
                0x20000008        0x4 build/debug/system_stm32f4xx.o
                0x20000008                SystemCoreClock
 .data._impure_ptr
                0x2000000c        0x4 c:/users/fascinating_sea/.eide/tools/gcc_arm/bin/../lib/gcc/arm-none-eabi/10.2.1/../../../../arm-none-eabi/lib/thumb/v7e-m+fp/hard\libc_nano.a(lib_a-impure.o)
                0x2000000c                _impure_ptr
 .data.impure_data
                0x20000010       0x60 c:/users/fascinating_sea/.eide/tools/gcc_arm/bin/../lib/gcc/arm-none-eabi/10.2.1/../../../../arm-none-eabi/lib/thumb/v7e-m+fp/hard\libc_nano.a(lib_a-impure.o)
 *(.RamFunc)
 *(.RamFunc*)
                0x20000070                . = ALIGN (0x4)
                0x20000070                _edata = .
                0x08000fb8                _siccmram = LOADADDR (.ccmram)

.igot.plt       0x20000070        0x0 load address 0x08000fb8
 .igot.plt      0x20000070        0x0 c:/users/fascinating_sea/.eide/tools/gcc_arm/bin/../lib/gcc/arm-none-eabi/10.2.1/thumb/v7e-m+fp/hard/crtbegin.o

.ccmram         0x10000000        0x0 load address 0x08000fb8
                0x10000000                . = ALIGN (0x4)
                0x10000000                _sccmram = .
 *(.ccmram)
 *(.ccmram*)
                0x10000000                . = ALIGN (0x4)
                0x10000000                _eccmram = .
                0x10000000                . = ALIGN (0x4)

.bss            0x20000070       0x20
                0x20000070                _sbss = .
                0x20000070                __bss_start__ = _sbss
 *(.bss)
 .bss           0x20000070       0x1c c:/users/fascinating_sea/.eide/tools/gcc_arm/bin/../lib/gcc/arm-none-eabi/10.2.1/thumb/v7e-m+fp/hard/crtbegin.o
 *(.bss*)
 .bss.uwTick    0x2000008c        0x4 build/debug/stm32f4xx_hal.o
                0x2000008c                uwTick
 *(COMMON)
                0x20000090                . = ALIGN (0x4)
                0x20000090                _ebss = .
                0x20000090                __bss_end__ = _ebss

._user_heap_stack
                0x20000090      0x600
                0x20000090                . = ALIGN (0x8)
                [!provide]                PROVIDE (end = .)
                0x20000090                PROVIDE (_end = .)
                0x20000290                . = (. + _Min_Heap_Size)
 *fill*         0x20000090      0x200 
                0x20000690                . = (. + _Min_Stack_Size)
 *fill*         0x20000290      0x400 
                0x20000690                . = ALIGN (0x8)

/DISCARD/
 libc.a(*)
 libm.a(*)
 libgcc.a(*)
OUTPUT(build/debug/12.robot_framework.elf elf32-littlearm)
LOAD linker stubs
LOAD c:/users/fascinating_sea/.eide/tools/gcc_arm/bin/../lib/gcc/arm-none-eabi/10.2.1/../../../../arm-none-eabi/lib/thumb/v7e-m+fp/hard\libc.a
LOAD c:/users/fascinating_sea/.eide/tools/gcc_arm/bin/../lib/gcc/arm-none-eabi/10.2.1/../../../../arm-none-eabi/lib/thumb/v7e-m+fp/hard\libm.a
LOAD c:/users/fascinating_sea/.eide/tools/gcc_arm/bin/../lib/gcc/arm-none-eabi/10.2.1/thumb/v7e-m+fp/hard\libgcc.a

.ARM.attributes
                0x00000000       0x30
 .ARM.attributes
                0x00000000       0x1e c:/users/fascinating_sea/.eide/tools/gcc_arm/bin/../lib/gcc/arm-none-eabi/10.2.1/thumb/v7e-m+fp/hard/crti.o
 .ARM.attributes
                0x0000001e       0x34 c:/users/fascinating_sea/.eide/tools/gcc_arm/bin/../lib/gcc/arm-none-eabi/10.2.1/thumb/v7e-m+fp/hard/crtbegin.o
 .ARM.attributes
                0x00000052       0x1c c:/users/fascinating_sea/.eide/tools/gcc_arm/bin/../lib/gcc/arm-none-eabi/10.2.1/../../../../arm-none-eabi/lib/thumb/v7e-m+fp/hard/crt0.o
 .ARM.attributes
                0x0000006e       0x34 build/debug/gpio.o
 .ARM.attributes
                0x000000a2       0x34 build/debug/main.o
 .ARM.attributes
                0x000000d6       0x34 build/debug/stm32f4xx_hal.o
 .ARM.attributes
                0x0000010a       0x34 build/debug/stm32f4xx_hal_cortex.o
 .ARM.attributes
                0x0000013e       0x34 build/debug/stm32f4xx_hal_msp.o
 .ARM.attributes
                0x00000172       0x34 build/debug/stm32f4xx_hal_rcc.o
 .ARM.attributes
                0x000001a6       0x34 build/debug/stm32f4xx_it.o
 .ARM.attributes
                0x000001da       0x34 build/debug/syscalls.o
 .ARM.attributes
                0x0000020e       0x34 build/debug/system_stm32f4xx.o
 .ARM.attributes
                0x00000242       0x21 build/debug/startup_stm32f407xx.o
 .ARM.attributes
                0x00000263       0x34 c:/users/fascinating_sea/.eide/tools/gcc_arm/bin/../lib/gcc/arm-none-eabi/10.2.1/../../../../arm-none-eabi/lib/thumb/v7e-m+fp/hard\libc_nano.a(lib_a-errno.o)
 .ARM.attributes
                0x00000297       0x34 c:/users/fascinating_sea/.eide/tools/gcc_arm/bin/../lib/gcc/arm-none-eabi/10.2.1/../../../../arm-none-eabi/lib/thumb/v7e-m+fp/hard\libc_nano.a(lib_a-exit.o)
 .ARM.attributes
                0x000002cb       0x32 c:/users/fascinating_sea/.eide/tools/gcc_arm/bin/../lib/gcc/arm-none-eabi/10.2.1/../../../../arm-none-eabi/lib/thumb/v7e-m+fp/hard\libc_nano.a(lib_a-impure.o)
 .ARM.attributes
                0x000002fd       0x34 c:/users/fascinating_sea/.eide/tools/gcc_arm/bin/../lib/gcc/arm-none-eabi/10.2.1/../../../../arm-none-eabi/lib/thumb/v7e-m+fp/hard\libc_nano.a(lib_a-init.o)
 .ARM.attributes
                0x00000331       0x34 c:/users/fascinating_sea/.eide/tools/gcc_arm/bin/../lib/gcc/arm-none-eabi/10.2.1/../../../../arm-none-eabi/lib/thumb/v7e-m+fp/hard\libc_nano.a(lib_a-memset.o)
 .ARM.attributes
                0x00000365       0x1e c:/users/fascinating_sea/.eide/tools/gcc_arm/bin/../lib/gcc/arm-none-eabi/10.2.1/thumb/v7e-m+fp/hard\libgcc.a(_aeabi_uldivmod.o)
 .ARM.attributes
                0x00000383       0x34 c:/users/fascinating_sea/.eide/tools/gcc_arm/bin/../lib/gcc/arm-none-eabi/10.2.1/thumb/v7e-m+fp/hard\libgcc.a(_udivmoddi4.o)
 .ARM.attributes
                0x000003b7       0x1e c:/users/fascinating_sea/.eide/tools/gcc_arm/bin/../lib/gcc/arm-none-eabi/10.2.1/thumb/v7e-m+fp/hard\libgcc.a(_dvmd_tls.o)
 .ARM.attributes
                0x000003d5       0x1e c:/users/fascinating_sea/.eide/tools/gcc_arm/bin/../lib/gcc/arm-none-eabi/10.2.1/thumb/v7e-m+fp/hard/crtn.o

.comment        0x00000000       0x4d
 .comment       0x00000000       0x4d build/debug/gpio.o
                                 0x4e (size before relaxing)
 .comment       0x0000004d       0x4e build/debug/main.o
 .comment       0x0000004d       0x4e build/debug/stm32f4xx_hal.o
 .comment       0x0000004d       0x4e build/debug/stm32f4xx_hal_cortex.o
 .comment       0x0000004d       0x4e build/debug/stm32f4xx_hal_msp.o
 .comment       0x0000004d       0x4e build/debug/stm32f4xx_hal_rcc.o
 .comment       0x0000004d       0x4e build/debug/stm32f4xx_it.o
 .comment       0x0000004d       0x4e build/debug/syscalls.o
 .comment       0x0000004d       0x4e build/debug/system_stm32f4xx.o

.debug_info     0x00000000     0x3ea5
 .debug_info    0x00000000      0x2c1 build/debug/gpio.o
 .debug_info    0x000002c1      0x572 build/debug/main.o
 .debug_info    0x00000833      0x9f0 build/debug/stm32f4xx_hal.o
 .debug_info    0x00001223     0x1098 build/debug/stm32f4xx_hal_cortex.o
 .debug_info    0x000022bb      0x2a4 build/debug/stm32f4xx_hal_msp.o
 .debug_info    0x0000255f      0xb03 build/debug/stm32f4xx_hal_rcc.o
 .debug_info    0x00003062      0x12f build/debug/stm32f4xx_it.o
 .debug_info    0x00003191      0x7ba build/debug/syscalls.o
 .debug_info    0x0000394b      0x538 build/debug/system_stm32f4xx.o
 .debug_info    0x00003e83       0x22 build/debug/startup_stm32f407xx.o

.debug_abbrev   0x00000000      0xea6
 .debug_abbrev  0x00000000       0xd1 build/debug/gpio.o
 .debug_abbrev  0x000000d1      0x1b7 build/debug/main.o
 .debug_abbrev  0x00000288      0x206 build/debug/stm32f4xx_hal.o
 .debug_abbrev  0x0000048e      0x36a build/debug/stm32f4xx_hal_cortex.o
 .debug_abbrev  0x000007f8       0xd1 build/debug/stm32f4xx_hal_msp.o
 .debug_abbrev  0x000008c9      0x28a build/debug/stm32f4xx_hal_rcc.o
 .debug_abbrev  0x00000b53       0x7e build/debug/stm32f4xx_it.o
 .debug_abbrev  0x00000bd1      0x1aa build/debug/syscalls.o
 .debug_abbrev  0x00000d7b      0x119 build/debug/system_stm32f4xx.o
 .debug_abbrev  0x00000e94       0x12 build/debug/startup_stm32f407xx.o

.debug_aranges  0x00000000      0x3e8
 .debug_aranges
                0x00000000       0x20 build/debug/gpio.o
 .debug_aranges
                0x00000020       0x30 build/debug/main.o
 .debug_aranges
                0x00000050       0xf0 build/debug/stm32f4xx_hal.o
 .debug_aranges
                0x00000140       0xa8 build/debug/stm32f4xx_hal_cortex.o
 .debug_aranges
                0x000001e8       0x20 build/debug/stm32f4xx_hal_msp.o
 .debug_aranges
                0x00000208       0x88 build/debug/stm32f4xx_hal_rcc.o
 .debug_aranges
                0x00000290       0x60 build/debug/stm32f4xx_it.o
 .debug_aranges
                0x000002f0       0xa8 build/debug/syscalls.o
 .debug_aranges
                0x00000398       0x28 build/debug/system_stm32f4xx.o
 .debug_aranges
                0x000003c0       0x28 build/debug/startup_stm32f407xx.o

.debug_ranges   0x00000000      0x3c8
 .debug_ranges  0x00000000       0x10 build/debug/gpio.o
 .debug_ranges  0x00000010       0x20 build/debug/main.o
 .debug_ranges  0x00000030       0xe0 build/debug/stm32f4xx_hal.o
 .debug_ranges  0x00000110       0xf8 build/debug/stm32f4xx_hal_cortex.o
 .debug_ranges  0x00000208       0x10 build/debug/stm32f4xx_hal_msp.o
 .debug_ranges  0x00000218       0x90 build/debug/stm32f4xx_hal_rcc.o
 .debug_ranges  0x000002a8       0x50 build/debug/stm32f4xx_it.o
 .debug_ranges  0x000002f8       0x98 build/debug/syscalls.o
 .debug_ranges  0x00000390       0x18 build/debug/system_stm32f4xx.o
 .debug_ranges  0x000003a8       0x20 build/debug/startup_stm32f407xx.o

.debug_line     0x00000000     0x257b
 .debug_line    0x00000000      0x147 build/debug/gpio.o
 .debug_line    0x00000147      0x2f5 build/debug/main.o
 .debug_line    0x0000043c      0x559 build/debug/stm32f4xx_hal.o
 .debug_line    0x00000995      0x76c build/debug/stm32f4xx_hal_cortex.o
 .debug_line    0x00001101      0x14e build/debug/stm32f4xx_hal_msp.o
 .debug_line    0x0000124f      0xb03 build/debug/stm32f4xx_hal_rcc.o
 .debug_line    0x00001d52      0x179 build/debug/stm32f4xx_it.o
 .debug_line    0x00001ecb      0x3f6 build/debug/syscalls.o
 .debug_line    0x000022c1      0x244 build/debug/system_stm32f4xx.o
 .debug_line    0x00002505       0x76 build/debug/startup_stm32f407xx.o

.debug_str      0x00000000     0x1705
 .debug_str     0x00000000      0x24c build/debug/gpio.o
                                0x28e (size before relaxing)
 .debug_str     0x0000024c      0x1ce build/debug/main.o
                                0x45b (size before relaxing)
 .debug_str     0x0000041a      0x88b build/debug/stm32f4xx_hal.o
                                0xb39 (size before relaxing)
 .debug_str     0x00000ca5      0x4c6 build/debug/stm32f4xx_hal_cortex.o
                                0xc0b (size before relaxing)
 .debug_str     0x0000116b       0x1d build/debug/stm32f4xx_hal_msp.o
                                0x29a (size before relaxing)
 .debug_str     0x00001188      0x24f build/debug/stm32f4xx_hal_rcc.o
                                0x6e5 (size before relaxing)
 .debug_str     0x000013d7       0xa8 build/debug/stm32f4xx_it.o
                                0x20e (size before relaxing)
 .debug_str     0x0000147f      0x21b build/debug/syscalls.o
                                0x3d8 (size before relaxing)
 .debug_str     0x0000169a       0x47 build/debug/system_stm32f4xx.o
                                0x354 (size before relaxing)
 .debug_str     0x000016e1       0x24 build/debug/startup_stm32f407xx.o
                                 0x45 (size before relaxing)

.debug_frame    0x00000000      0x8a4
 .debug_frame   0x00000000       0x28 build/debug/gpio.o
 .debug_frame   0x00000028       0x58 build/debug/main.o
 .debug_frame   0x00000080      0x1ec build/debug/stm32f4xx_hal.o
 .debug_frame   0x0000026c      0x148 build/debug/stm32f4xx_hal_cortex.o
 .debug_frame   0x000003b4       0x28 build/debug/stm32f4xx_hal_msp.o
 .debug_frame   0x000003dc      0x16c build/debug/stm32f4xx_hal_rcc.o
 .debug_frame   0x00000548       0xa8 build/debug/stm32f4xx_it.o
 .debug_frame   0x000005f0      0x190 build/debug/syscalls.o
 .debug_frame   0x00000780       0x30 build/debug/system_stm32f4xx.o
 .debug_frame   0x000007b0       0x20 c:/users/fascinating_sea/.eide/tools/gcc_arm/bin/../lib/gcc/arm-none-eabi/10.2.1/../../../../arm-none-eabi/lib/thumb/v7e-m+fp/hard\libc_nano.a(lib_a-errno.o)
 .debug_frame   0x000007d0       0x28 c:/users/fascinating_sea/.eide/tools/gcc_arm/bin/../lib/gcc/arm-none-eabi/10.2.1/../../../../arm-none-eabi/lib/thumb/v7e-m+fp/hard\libc_nano.a(lib_a-exit.o)
 .debug_frame   0x000007f8       0x2c c:/users/fascinating_sea/.eide/tools/gcc_arm/bin/../lib/gcc/arm-none-eabi/10.2.1/../../../../arm-none-eabi/lib/thumb/v7e-m+fp/hard\libc_nano.a(lib_a-init.o)
 .debug_frame   0x00000824       0x20 c:/users/fascinating_sea/.eide/tools/gcc_arm/bin/../lib/gcc/arm-none-eabi/10.2.1/../../../../arm-none-eabi/lib/thumb/v7e-m+fp/hard\libc_nano.a(lib_a-memset.o)
 .debug_frame   0x00000844       0x2c c:/users/fascinating_sea/.eide/tools/gcc_arm/bin/../lib/gcc/arm-none-eabi/10.2.1/thumb/v7e-m+fp/hard\libgcc.a(_aeabi_uldivmod.o)
 .debug_frame   0x00000870       0x34 c:/users/fascinating_sea/.eide/tools/gcc_arm/bin/../lib/gcc/arm-none-eabi/10.2.1/thumb/v7e-m+fp/hard\libgcc.a(_udivmoddi4.o)

.debug_loc      0x00000000     0x132e
 .debug_loc     0x00000000      0x141 build/debug/stm32f4xx_hal.o
 .debug_loc     0x00000141      0x744 build/debug/stm32f4xx_hal_cortex.o
 .debug_loc     0x00000885      0x58c build/debug/stm32f4xx_hal_rcc.o
 .debug_loc     0x00000e11      0x3c5 build/debug/syscalls.o
 .debug_loc     0x000011d6      0x158 build/debug/system_stm32f4xx.o

Cross Reference Table

Symbol                                            File
ADC_IRQHandler                                    build/debug/startup_stm32f407xx.o
AHBPrescTable                                     build/debug/system_stm32f4xx.o
                                                  build/debug/stm32f4xx_hal_rcc.o
APBPrescTable                                     build/debug/system_stm32f4xx.o
                                                  build/debug/stm32f4xx_hal_rcc.o
BusFault_Handler                                  build/debug/stm32f4xx_it.o
CAN1_RX0_IRQHandler                               build/debug/startup_stm32f407xx.o
CAN1_RX1_IRQHandler                               build/debug/startup_stm32f407xx.o
CAN1_SCE_IRQHandler                               build/debug/startup_stm32f407xx.o
CAN1_TX_IRQHandler                                build/debug/startup_stm32f407xx.o
CAN2_RX0_IRQHandler                               build/debug/startup_stm32f407xx.o
CAN2_RX1_IRQHandler                               build/debug/startup_stm32f407xx.o
CAN2_SCE_IRQHandler                               build/debug/startup_stm32f407xx.o
CAN2_TX_IRQHandler                                build/debug/startup_stm32f407xx.o
DCMI_IRQHandler                                   build/debug/startup_stm32f407xx.o
DMA1_Stream0_IRQHandler                           build/debug/startup_stm32f407xx.o
DMA1_Stream1_IRQHandler                           build/debug/startup_stm32f407xx.o
DMA1_Stream2_IRQHandler                           build/debug/startup_stm32f407xx.o
DMA1_Stream3_IRQHandler                           build/debug/startup_stm32f407xx.o
DMA1_Stream4_IRQHandler                           build/debug/startup_stm32f407xx.o
DMA1_Stream5_IRQHandler                           build/debug/startup_stm32f407xx.o
DMA1_Stream6_IRQHandler                           build/debug/startup_stm32f407xx.o
DMA1_Stream7_IRQHandler                           build/debug/startup_stm32f407xx.o
DMA2_Stream0_IRQHandler                           build/debug/startup_stm32f407xx.o
DMA2_Stream1_IRQHandler                           build/debug/startup_stm32f407xx.o
DMA2_Stream2_IRQHandler                           build/debug/startup_stm32f407xx.o
DMA2_Stream3_IRQHandler                           build/debug/startup_stm32f407xx.o
DMA2_Stream4_IRQHandler                           build/debug/startup_stm32f407xx.o
DMA2_Stream5_IRQHandler                           build/debug/startup_stm32f407xx.o
DMA2_Stream6_IRQHandler                           build/debug/startup_stm32f407xx.o
DMA2_Stream7_IRQHandler                           build/debug/startup_stm32f407xx.o
DebugMon_Handler                                  build/debug/stm32f4xx_it.o
Default_Handler                                   build/debug/startup_stm32f407xx.o
ETH_IRQHandler                                    build/debug/startup_stm32f407xx.o
ETH_WKUP_IRQHandler                               build/debug/startup_stm32f407xx.o
EXTI0_IRQHandler                                  build/debug/startup_stm32f407xx.o
EXTI15_10_IRQHandler                              build/debug/startup_stm32f407xx.o
EXTI1_IRQHandler                                  build/debug/startup_stm32f407xx.o
EXTI2_IRQHandler                                  build/debug/startup_stm32f407xx.o
EXTI3_IRQHandler                                  build/debug/startup_stm32f407xx.o
EXTI4_IRQHandler                                  build/debug/startup_stm32f407xx.o
EXTI9_5_IRQHandler                                build/debug/startup_stm32f407xx.o
Error_Handler                                     build/debug/main.o
FLASH_Erase_Sector                                build/debug/stm32f4xx_hal_flash_ex.o
                                                  build/debug/stm32f4xx_hal_flash.o
FLASH_FlushCaches                                 build/debug/stm32f4xx_hal_flash_ex.o
                                                  build/debug/stm32f4xx_hal_flash.o
FLASH_IRQHandler                                  build/debug/startup_stm32f407xx.o
FLASH_WaitForLastOperation                        build/debug/stm32f4xx_hal_flash.o
                                                  build/debug/stm32f4xx_hal_flash_ex.o
FPU_IRQHandler                                    build/debug/startup_stm32f407xx.o
FSMC_IRQHandler                                   build/debug/startup_stm32f407xx.o
HAL_DBGMCU_DisableDBGSleepMode                    build/debug/stm32f4xx_hal.o
HAL_DBGMCU_DisableDBGStandbyMode                  build/debug/stm32f4xx_hal.o
HAL_DBGMCU_DisableDBGStopMode                     build/debug/stm32f4xx_hal.o
HAL_DBGMCU_EnableDBGSleepMode                     build/debug/stm32f4xx_hal.o
HAL_DBGMCU_EnableDBGStandbyMode                   build/debug/stm32f4xx_hal.o
HAL_DBGMCU_EnableDBGStopMode                      build/debug/stm32f4xx_hal.o
HAL_DMAEx_ChangeMemory                            build/debug/stm32f4xx_hal_dma_ex.o
HAL_DMAEx_MultiBufferStart                        build/debug/stm32f4xx_hal_dma_ex.o
HAL_DMAEx_MultiBufferStart_IT                     build/debug/stm32f4xx_hal_dma_ex.o
HAL_DMA_Abort                                     build/debug/stm32f4xx_hal_dma.o
HAL_DMA_Abort_IT                                  build/debug/stm32f4xx_hal_dma.o
HAL_DMA_DeInit                                    build/debug/stm32f4xx_hal_dma.o
HAL_DMA_GetError                                  build/debug/stm32f4xx_hal_dma.o
HAL_DMA_GetState                                  build/debug/stm32f4xx_hal_dma.o
HAL_DMA_IRQHandler                                build/debug/stm32f4xx_hal_dma.o
HAL_DMA_Init                                      build/debug/stm32f4xx_hal_dma.o
HAL_DMA_PollForTransfer                           build/debug/stm32f4xx_hal_dma.o
HAL_DMA_RegisterCallback                          build/debug/stm32f4xx_hal_dma.o
HAL_DMA_Start                                     build/debug/stm32f4xx_hal_dma.o
HAL_DMA_Start_IT                                  build/debug/stm32f4xx_hal_dma.o
HAL_DMA_UnRegisterCallback                        build/debug/stm32f4xx_hal_dma.o
HAL_DeInit                                        build/debug/stm32f4xx_hal.o
HAL_Delay                                         build/debug/stm32f4xx_hal.o
HAL_DisableCompensationCell                       build/debug/stm32f4xx_hal.o
HAL_EXTI_ClearConfigLine                          build/debug/stm32f4xx_hal_exti.o
HAL_EXTI_ClearPending                             build/debug/stm32f4xx_hal_exti.o
HAL_EXTI_GenerateSWI                              build/debug/stm32f4xx_hal_exti.o
HAL_EXTI_GetConfigLine                            build/debug/stm32f4xx_hal_exti.o
HAL_EXTI_GetHandle                                build/debug/stm32f4xx_hal_exti.o
HAL_EXTI_GetPending                               build/debug/stm32f4xx_hal_exti.o
HAL_EXTI_IRQHandler                               build/debug/stm32f4xx_hal_exti.o
HAL_EXTI_RegisterCallback                         build/debug/stm32f4xx_hal_exti.o
HAL_EXTI_SetConfigLine                            build/debug/stm32f4xx_hal_exti.o
HAL_EnableCompensationCell                        build/debug/stm32f4xx_hal.o
HAL_FLASHEx_Erase                                 build/debug/stm32f4xx_hal_flash_ex.o
HAL_FLASHEx_Erase_IT                              build/debug/stm32f4xx_hal_flash_ex.o
HAL_FLASHEx_OBGetConfig                           build/debug/stm32f4xx_hal_flash_ex.o
HAL_FLASHEx_OBProgram                             build/debug/stm32f4xx_hal_flash_ex.o
HAL_FLASH_EndOfOperationCallback                  build/debug/stm32f4xx_hal_flash.o
HAL_FLASH_GetError                                build/debug/stm32f4xx_hal_flash.o
HAL_FLASH_IRQHandler                              build/debug/stm32f4xx_hal_flash.o
HAL_FLASH_Lock                                    build/debug/stm32f4xx_hal_flash.o
HAL_FLASH_OB_Launch                               build/debug/stm32f4xx_hal_flash.o
HAL_FLASH_OB_Lock                                 build/debug/stm32f4xx_hal_flash.o
HAL_FLASH_OB_Unlock                               build/debug/stm32f4xx_hal_flash.o
HAL_FLASH_OperationErrorCallback                  build/debug/stm32f4xx_hal_flash.o
HAL_FLASH_Program                                 build/debug/stm32f4xx_hal_flash.o
HAL_FLASH_Program_IT                              build/debug/stm32f4xx_hal_flash.o
HAL_FLASH_Unlock                                  build/debug/stm32f4xx_hal_flash.o
HAL_GPIO_DeInit                                   build/debug/stm32f4xx_hal_gpio.o
HAL_GPIO_EXTI_Callback                            build/debug/stm32f4xx_hal_gpio.o
HAL_GPIO_EXTI_IRQHandler                          build/debug/stm32f4xx_hal_gpio.o
HAL_GPIO_Init                                     build/debug/stm32f4xx_hal_gpio.o
                                                  build/debug/stm32f4xx_hal_rcc.o
HAL_GPIO_LockPin                                  build/debug/stm32f4xx_hal_gpio.o
HAL_GPIO_ReadPin                                  build/debug/stm32f4xx_hal_gpio.o
HAL_GPIO_TogglePin                                build/debug/stm32f4xx_hal_gpio.o
HAL_GPIO_WritePin                                 build/debug/stm32f4xx_hal_gpio.o
HAL_GetDEVID                                      build/debug/stm32f4xx_hal.o
HAL_GetHalVersion                                 build/debug/stm32f4xx_hal.o
HAL_GetREVID                                      build/debug/stm32f4xx_hal.o
HAL_GetTick                                       build/debug/stm32f4xx_hal.o
                                                  build/debug/stm32f4xx_hal_rcc_ex.o
                                                  build/debug/stm32f4xx_hal_rcc.o
                                                  build/debug/stm32f4xx_hal_pwr_ex.o
                                                  build/debug/stm32f4xx_hal_flash.o
                                                  build/debug/stm32f4xx_hal_dma.o
HAL_GetTickFreq                                   build/debug/stm32f4xx_hal.o
HAL_GetTickPrio                                   build/debug/stm32f4xx_hal.o
HAL_GetUIDw0                                      build/debug/stm32f4xx_hal.o
HAL_GetUIDw1                                      build/debug/stm32f4xx_hal.o
HAL_GetUIDw2                                      build/debug/stm32f4xx_hal.o
HAL_IncTick                                       build/debug/stm32f4xx_hal.o
                                                  build/debug/stm32f4xx_it.o
HAL_Init                                          build/debug/stm32f4xx_hal.o
                                                  build/debug/main.o
HAL_InitTick                                      build/debug/stm32f4xx_hal.o
                                                  build/debug/stm32f4xx_hal_rcc_ex.o
                                                  build/debug/stm32f4xx_hal_rcc.o
HAL_MPU_ConfigRegion                              build/debug/stm32f4xx_hal_cortex.o
HAL_MPU_Disable                                   build/debug/stm32f4xx_hal_cortex.o
HAL_MPU_Enable                                    build/debug/stm32f4xx_hal_cortex.o
HAL_MspDeInit                                     build/debug/stm32f4xx_hal.o
HAL_MspInit                                       build/debug/stm32f4xx_hal_msp.o
                                                  build/debug/stm32f4xx_hal.o
HAL_NVIC_ClearPendingIRQ                          build/debug/stm32f4xx_hal_cortex.o
HAL_NVIC_DisableIRQ                               build/debug/stm32f4xx_hal_cortex.o
HAL_NVIC_EnableIRQ                                build/debug/stm32f4xx_hal_cortex.o
HAL_NVIC_GetActive                                build/debug/stm32f4xx_hal_cortex.o
HAL_NVIC_GetPendingIRQ                            build/debug/stm32f4xx_hal_cortex.o
HAL_NVIC_GetPriority                              build/debug/stm32f4xx_hal_cortex.o
HAL_NVIC_GetPriorityGrouping                      build/debug/stm32f4xx_hal_cortex.o
HAL_NVIC_SetPendingIRQ                            build/debug/stm32f4xx_hal_cortex.o
HAL_NVIC_SetPriority                              build/debug/stm32f4xx_hal_cortex.o
                                                  build/debug/stm32f4xx_hal.o
HAL_NVIC_SetPriorityGrouping                      build/debug/stm32f4xx_hal_cortex.o
                                                  build/debug/stm32f4xx_hal.o
HAL_NVIC_SystemReset                              build/debug/stm32f4xx_hal_cortex.o
HAL_PWREx_ControlVoltageScaling                   build/debug/stm32f4xx_hal_pwr_ex.o
HAL_PWREx_DisableBkUpReg                          build/debug/stm32f4xx_hal_pwr_ex.o
HAL_PWREx_DisableFlashPowerDown                   build/debug/stm32f4xx_hal_pwr_ex.o
HAL_PWREx_EnableBkUpReg                           build/debug/stm32f4xx_hal_pwr_ex.o
HAL_PWREx_EnableFlashPowerDown                    build/debug/stm32f4xx_hal_pwr_ex.o
HAL_PWREx_GetVoltageRange                         build/debug/stm32f4xx_hal_pwr_ex.o
HAL_PWR_ConfigPVD                                 build/debug/stm32f4xx_hal_pwr.o
HAL_PWR_DeInit                                    build/debug/stm32f4xx_hal_pwr.o
HAL_PWR_DisableBkUpAccess                         build/debug/stm32f4xx_hal_pwr.o
HAL_PWR_DisablePVD                                build/debug/stm32f4xx_hal_pwr.o
HAL_PWR_DisableSEVOnPend                          build/debug/stm32f4xx_hal_pwr.o
HAL_PWR_DisableSleepOnExit                        build/debug/stm32f4xx_hal_pwr.o
HAL_PWR_DisableWakeUpPin                          build/debug/stm32f4xx_hal_pwr.o
HAL_PWR_EnableBkUpAccess                          build/debug/stm32f4xx_hal_pwr.o
HAL_PWR_EnablePVD                                 build/debug/stm32f4xx_hal_pwr.o
HAL_PWR_EnableSEVOnPend                           build/debug/stm32f4xx_hal_pwr.o
HAL_PWR_EnableSleepOnExit                         build/debug/stm32f4xx_hal_pwr.o
HAL_PWR_EnableWakeUpPin                           build/debug/stm32f4xx_hal_pwr.o
HAL_PWR_EnterSLEEPMode                            build/debug/stm32f4xx_hal_pwr.o
HAL_PWR_EnterSTANDBYMode                          build/debug/stm32f4xx_hal_pwr.o
HAL_PWR_EnterSTOPMode                             build/debug/stm32f4xx_hal_pwr.o
HAL_PWR_PVDCallback                               build/debug/stm32f4xx_hal_pwr.o
HAL_PWR_PVD_IRQHandler                            build/debug/stm32f4xx_hal_pwr.o
HAL_RCCEx_DisablePLLI2S                           build/debug/stm32f4xx_hal_rcc_ex.o
HAL_RCCEx_EnablePLLI2S                            build/debug/stm32f4xx_hal_rcc_ex.o
HAL_RCCEx_GetPeriphCLKConfig                      build/debug/stm32f4xx_hal_rcc_ex.o
HAL_RCCEx_GetPeriphCLKFreq                        build/debug/stm32f4xx_hal_rcc_ex.o
HAL_RCCEx_PeriphCLKConfig                         build/debug/stm32f4xx_hal_rcc_ex.o
HAL_RCC_CSSCallback                               build/debug/stm32f4xx_hal_rcc.o
HAL_RCC_ClockConfig                               build/debug/stm32f4xx_hal_rcc.o
                                                  build/debug/main.o
HAL_RCC_DeInit                                    build/debug/stm32f4xx_hal_rcc_ex.o
                                                  build/debug/stm32f4xx_hal_rcc.o
HAL_RCC_DisableCSS                                build/debug/stm32f4xx_hal_rcc.o
HAL_RCC_EnableCSS                                 build/debug/stm32f4xx_hal_rcc.o
HAL_RCC_GetClockConfig                            build/debug/stm32f4xx_hal_rcc.o
HAL_RCC_GetHCLKFreq                               build/debug/stm32f4xx_hal_rcc.o
HAL_RCC_GetOscConfig                              build/debug/stm32f4xx_hal_rcc.o
HAL_RCC_GetPCLK1Freq                              build/debug/stm32f4xx_hal_rcc.o
HAL_RCC_GetPCLK2Freq                              build/debug/stm32f4xx_hal_rcc.o
HAL_RCC_GetSysClockFreq                           build/debug/stm32f4xx_hal_rcc.o
HAL_RCC_MCOConfig                                 build/debug/stm32f4xx_hal_rcc.o
HAL_RCC_NMI_IRQHandler                            build/debug/stm32f4xx_hal_rcc.o
HAL_RCC_OscConfig                                 build/debug/stm32f4xx_hal_rcc.o
                                                  build/debug/main.o
HAL_ResumeTick                                    build/debug/stm32f4xx_hal.o
HAL_SYSTICK_CLKSourceConfig                       build/debug/stm32f4xx_hal_cortex.o
HAL_SYSTICK_Callback                              build/debug/stm32f4xx_hal_cortex.o
HAL_SYSTICK_Config                                build/debug/stm32f4xx_hal_cortex.o
                                                  build/debug/stm32f4xx_hal.o
HAL_SYSTICK_IRQHandler                            build/debug/stm32f4xx_hal_cortex.o
HAL_SetTickFreq                                   build/debug/stm32f4xx_hal.o
HAL_SuspendTick                                   build/debug/stm32f4xx_hal.o
HASH_RNG_IRQHandler                               build/debug/startup_stm32f407xx.o
HardFault_Handler                                 build/debug/stm32f4xx_it.o
I2C1_ER_IRQHandler                                build/debug/startup_stm32f407xx.o
I2C1_EV_IRQHandler                                build/debug/startup_stm32f407xx.o
I2C2_ER_IRQHandler                                build/debug/startup_stm32f407xx.o
I2C2_EV_IRQHandler                                build/debug/startup_stm32f407xx.o
I2C3_ER_IRQHandler                                build/debug/startup_stm32f407xx.o
I2C3_EV_IRQHandler                                build/debug/startup_stm32f407xx.o
MX_GPIO_Init                                      build/debug/gpio.o
                                                  build/debug/main.o
MemManage_Handler                                 build/debug/stm32f4xx_it.o
NMI_Handler                                       build/debug/stm32f4xx_it.o
OTG_FS_IRQHandler                                 build/debug/startup_stm32f407xx.o
OTG_FS_WKUP_IRQHandler                            build/debug/startup_stm32f407xx.o
OTG_HS_EP1_IN_IRQHandler                          build/debug/startup_stm32f407xx.o
OTG_HS_EP1_OUT_IRQHandler                         build/debug/startup_stm32f407xx.o
OTG_HS_IRQHandler                                 build/debug/startup_stm32f407xx.o
OTG_HS_WKUP_IRQHandler                            build/debug/startup_stm32f407xx.o
PVD_IRQHandler                                    build/debug/startup_stm32f407xx.o
PendSV_Handler                                    build/debug/stm32f4xx_it.o
RCC_IRQHandler                                    build/debug/startup_stm32f407xx.o
RTC_Alarm_IRQHandler                              build/debug/startup_stm32f407xx.o
RTC_WKUP_IRQHandler                               build/debug/startup_stm32f407xx.o
Reset_Handler                                     build/debug/startup_stm32f407xx.o
SDIO_IRQHandler                                   build/debug/startup_stm32f407xx.o
SPI1_IRQHandler                                   build/debug/startup_stm32f407xx.o
SPI2_IRQHandler                                   build/debug/startup_stm32f407xx.o
SPI3_IRQHandler                                   build/debug/startup_stm32f407xx.o
SVC_Handler                                       build/debug/stm32f4xx_it.o
SysTick_Handler                                   build/debug/stm32f4xx_it.o
SystemClock_Config                                build/debug/main.o
SystemCoreClock                                   build/debug/system_stm32f4xx.o
                                                  build/debug/stm32f4xx_hal_rcc_ex.o
                                                  build/debug/stm32f4xx_hal_rcc.o
                                                  build/debug/stm32f4xx_hal_dma.o
                                                  build/debug/stm32f4xx_hal.o
SystemCoreClockUpdate                             build/debug/system_stm32f4xx.o
SystemInit                                        build/debug/system_stm32f4xx.o
                                                  build/debug/startup_stm32f407xx.o
TAMP_STAMP_IRQHandler                             build/debug/startup_stm32f407xx.o
TIM1_BRK_TIM9_IRQHandler                          build/debug/startup_stm32f407xx.o
TIM1_CC_IRQHandler                                build/debug/startup_stm32f407xx.o
TIM1_TRG_COM_TIM11_IRQHandler                     build/debug/startup_stm32f407xx.o
TIM1_UP_TIM10_IRQHandler                          build/debug/startup_stm32f407xx.o
TIM2_IRQHandler                                   build/debug/startup_stm32f407xx.o
TIM3_IRQHandler                                   build/debug/startup_stm32f407xx.o
TIM4_IRQHandler                                   build/debug/startup_stm32f407xx.o
TIM5_IRQHandler                                   build/debug/startup_stm32f407xx.o
TIM6_DAC_IRQHandler                               build/debug/startup_stm32f407xx.o
TIM7_IRQHandler                                   build/debug/startup_stm32f407xx.o
TIM8_BRK_TIM12_IRQHandler                         build/debug/startup_stm32f407xx.o
TIM8_CC_IRQHandler                                build/debug/startup_stm32f407xx.o
TIM8_TRG_COM_TIM14_IRQHandler                     build/debug/startup_stm32f407xx.o
TIM8_UP_TIM13_IRQHandler                          build/debug/startup_stm32f407xx.o
UART4_IRQHandler                                  build/debug/startup_stm32f407xx.o
UART5_IRQHandler                                  build/debug/startup_stm32f407xx.o
USART1_IRQHandler                                 build/debug/startup_stm32f407xx.o
USART2_IRQHandler                                 build/debug/startup_stm32f407xx.o
USART3_IRQHandler                                 build/debug/startup_stm32f407xx.o
USART6_IRQHandler                                 build/debug/startup_stm32f407xx.o
UsageFault_Handler                                build/debug/stm32f4xx_it.o
WWDG_IRQHandler                                   build/debug/startup_stm32f407xx.o
_Min_Stack_Size                                   build/debug/sysmem.o
__aeabi_idiv0                                     c:/users/fascinating_sea/.eide/tools/gcc_arm/bin/../lib/gcc/arm-none-eabi/10.2.1/thumb/v7e-m+fp/hard\libgcc.a(_dvmd_tls.o)
__aeabi_ldiv0                                     c:/users/fascinating_sea/.eide/tools/gcc_arm/bin/../lib/gcc/arm-none-eabi/10.2.1/thumb/v7e-m+fp/hard\libgcc.a(_dvmd_tls.o)
                                                  c:/users/fascinating_sea/.eide/tools/gcc_arm/bin/../lib/gcc/arm-none-eabi/10.2.1/thumb/v7e-m+fp/hard\libgcc.a(_aeabi_uldivmod.o)
__aeabi_uldivmod                                  c:/users/fascinating_sea/.eide/tools/gcc_arm/bin/../lib/gcc/arm-none-eabi/10.2.1/thumb/v7e-m+fp/hard\libgcc.a(_aeabi_uldivmod.o)
                                                  build/debug/stm32f4xx_hal_rcc.o
__bss_end__                                       c:/users/fascinating_sea/.eide/tools/gcc_arm/bin/../lib/gcc/arm-none-eabi/10.2.1/../../../../arm-none-eabi/lib/thumb/v7e-m+fp/hard/crt0.o
__bss_start__                                     c:/users/fascinating_sea/.eide/tools/gcc_arm/bin/../lib/gcc/arm-none-eabi/10.2.1/../../../../arm-none-eabi/lib/thumb/v7e-m+fp/hard/crt0.o
__call_exitprocs                                  c:/users/fascinating_sea/.eide/tools/gcc_arm/bin/../lib/gcc/arm-none-eabi/10.2.1/../../../../arm-none-eabi/lib/thumb/v7e-m+fp/hard\libc_nano.a(lib_a-exit.o)
__deregister_frame_info                           c:/users/fascinating_sea/.eide/tools/gcc_arm/bin/../lib/gcc/arm-none-eabi/10.2.1/thumb/v7e-m+fp/hard/crtbegin.o
__dso_handle                                      c:/users/fascinating_sea/.eide/tools/gcc_arm/bin/../lib/gcc/arm-none-eabi/10.2.1/thumb/v7e-m+fp/hard/crtbegin.o
__env                                             build/debug/syscalls.o
__errno                                           c:/users/fascinating_sea/.eide/tools/gcc_arm/bin/../lib/gcc/arm-none-eabi/10.2.1/../../../../arm-none-eabi/lib/thumb/v7e-m+fp/hard\libc_nano.a(lib_a-errno.o)
                                                  build/debug/sysmem.o
                                                  build/debug/syscalls.o
__init_array_end                                  c:/users/fascinating_sea/.eide/tools/gcc_arm/bin/../lib/gcc/arm-none-eabi/10.2.1/../../../../arm-none-eabi/lib/thumb/v7e-m+fp/hard\libc_nano.a(lib_a-init.o)
__init_array_start                                c:/users/fascinating_sea/.eide/tools/gcc_arm/bin/../lib/gcc/arm-none-eabi/10.2.1/../../../../arm-none-eabi/lib/thumb/v7e-m+fp/hard\libc_nano.a(lib_a-init.o)
__io_getchar                                      build/debug/syscalls.o
__io_putchar                                      build/debug/syscalls.o
__libc_fini_array                                 c:/users/fascinating_sea/.eide/tools/gcc_arm/bin/../lib/gcc/arm-none-eabi/10.2.1/../../../../arm-none-eabi/lib/thumb/v7e-m+fp/hard/crt0.o
__libc_init_array                                 c:/users/fascinating_sea/.eide/tools/gcc_arm/bin/../lib/gcc/arm-none-eabi/10.2.1/../../../../arm-none-eabi/lib/thumb/v7e-m+fp/hard\libc_nano.a(lib_a-init.o)
                                                  build/debug/startup_stm32f407xx.o
                                                  c:/users/fascinating_sea/.eide/tools/gcc_arm/bin/../lib/gcc/arm-none-eabi/10.2.1/../../../../arm-none-eabi/lib/thumb/v7e-m+fp/hard/crt0.o
__preinit_array_end                               c:/users/fascinating_sea/.eide/tools/gcc_arm/bin/../lib/gcc/arm-none-eabi/10.2.1/../../../../arm-none-eabi/lib/thumb/v7e-m+fp/hard\libc_nano.a(lib_a-init.o)
__preinit_array_start                             c:/users/fascinating_sea/.eide/tools/gcc_arm/bin/../lib/gcc/arm-none-eabi/10.2.1/../../../../arm-none-eabi/lib/thumb/v7e-m+fp/hard\libc_nano.a(lib_a-init.o)
__register_frame_info                             c:/users/fascinating_sea/.eide/tools/gcc_arm/bin/../lib/gcc/arm-none-eabi/10.2.1/thumb/v7e-m+fp/hard/crtbegin.o
__sf_fake_stderr                                  c:/users/fascinating_sea/.eide/tools/gcc_arm/bin/../lib/gcc/arm-none-eabi/10.2.1/../../../../arm-none-eabi/lib/thumb/v7e-m+fp/hard\libc_nano.a(lib_a-impure.o)
__sf_fake_stdin                                   c:/users/fascinating_sea/.eide/tools/gcc_arm/bin/../lib/gcc/arm-none-eabi/10.2.1/../../../../arm-none-eabi/lib/thumb/v7e-m+fp/hard\libc_nano.a(lib_a-impure.o)
__sf_fake_stdout                                  c:/users/fascinating_sea/.eide/tools/gcc_arm/bin/../lib/gcc/arm-none-eabi/10.2.1/../../../../arm-none-eabi/lib/thumb/v7e-m+fp/hard\libc_nano.a(lib_a-impure.o)
__stack                                           c:/users/fascinating_sea/.eide/tools/gcc_arm/bin/../lib/gcc/arm-none-eabi/10.2.1/../../../../arm-none-eabi/lib/thumb/v7e-m+fp/hard/crt0.o
__udivmoddi4                                      c:/users/fascinating_sea/.eide/tools/gcc_arm/bin/../lib/gcc/arm-none-eabi/10.2.1/thumb/v7e-m+fp/hard\libgcc.a(_udivmoddi4.o)
                                                  c:/users/fascinating_sea/.eide/tools/gcc_arm/bin/../lib/gcc/arm-none-eabi/10.2.1/thumb/v7e-m+fp/hard\libgcc.a(_aeabi_uldivmod.o)
_close                                            build/debug/syscalls.o
_ebss                                             build/debug/startup_stm32f407xx.o
_edata                                            build/debug/startup_stm32f407xx.o
_end                                              build/debug/sysmem.o
_estack                                           build/debug/startup_stm32f407xx.o
                                                  build/debug/sysmem.o
_execve                                           build/debug/syscalls.o
_exit                                             build/debug/syscalls.o
                                                  c:/users/fascinating_sea/.eide/tools/gcc_arm/bin/../lib/gcc/arm-none-eabi/10.2.1/../../../../arm-none-eabi/lib/thumb/v7e-m+fp/hard\libc_nano.a(lib_a-exit.o)
_fini                                             c:/users/fascinating_sea/.eide/tools/gcc_arm/bin/../lib/gcc/arm-none-eabi/10.2.1/thumb/v7e-m+fp/hard/crti.o
_fork                                             build/debug/syscalls.o
_fstat                                            build/debug/syscalls.o
_getpid                                           build/debug/syscalls.o
_global_impure_ptr                                c:/users/fascinating_sea/.eide/tools/gcc_arm/bin/../lib/gcc/arm-none-eabi/10.2.1/../../../../arm-none-eabi/lib/thumb/v7e-m+fp/hard\libc_nano.a(lib_a-impure.o)
                                                  c:/users/fascinating_sea/.eide/tools/gcc_arm/bin/../lib/gcc/arm-none-eabi/10.2.1/../../../../arm-none-eabi/lib/thumb/v7e-m+fp/hard\libc_nano.a(lib_a-exit.o)
_impure_ptr                                       c:/users/fascinating_sea/.eide/tools/gcc_arm/bin/../lib/gcc/arm-none-eabi/10.2.1/../../../../arm-none-eabi/lib/thumb/v7e-m+fp/hard\libc_nano.a(lib_a-impure.o)
                                                  c:/users/fascinating_sea/.eide/tools/gcc_arm/bin/../lib/gcc/arm-none-eabi/10.2.1/../../../../arm-none-eabi/lib/thumb/v7e-m+fp/hard\libc_nano.a(lib_a-errno.o)
_init                                             c:/users/fascinating_sea/.eide/tools/gcc_arm/bin/../lib/gcc/arm-none-eabi/10.2.1/thumb/v7e-m+fp/hard/crti.o
                                                  c:/users/fascinating_sea/.eide/tools/gcc_arm/bin/../lib/gcc/arm-none-eabi/10.2.1/../../../../arm-none-eabi/lib/thumb/v7e-m+fp/hard\libc_nano.a(lib_a-init.o)
_isatty                                           build/debug/syscalls.o
_kill                                             build/debug/syscalls.o
_link                                             build/debug/syscalls.o
_lseek                                            build/debug/syscalls.o
_mainCRTStartup                                   c:/users/fascinating_sea/.eide/tools/gcc_arm/bin/../lib/gcc/arm-none-eabi/10.2.1/../../../../arm-none-eabi/lib/thumb/v7e-m+fp/hard/crt0.o
_open                                             build/debug/syscalls.o
_read                                             build/debug/syscalls.o
_sbrk                                             build/debug/sysmem.o
_sbss                                             build/debug/startup_stm32f407xx.o
_sdata                                            build/debug/startup_stm32f407xx.o
_sidata                                           build/debug/startup_stm32f407xx.o
_stack_init                                       c:/users/fascinating_sea/.eide/tools/gcc_arm/bin/../lib/gcc/arm-none-eabi/10.2.1/../../../../arm-none-eabi/lib/thumb/v7e-m+fp/hard/crt0.o
_start                                            c:/users/fascinating_sea/.eide/tools/gcc_arm/bin/../lib/gcc/arm-none-eabi/10.2.1/../../../../arm-none-eabi/lib/thumb/v7e-m+fp/hard/crt0.o
_stat                                             build/debug/syscalls.o
_times                                            build/debug/syscalls.o
_unlink                                           build/debug/syscalls.o
_wait                                             build/debug/syscalls.o
_write                                            build/debug/syscalls.o
atexit                                            c:/users/fascinating_sea/.eide/tools/gcc_arm/bin/../lib/gcc/arm-none-eabi/10.2.1/../../../../arm-none-eabi/lib/thumb/v7e-m+fp/hard/crt0.o
environ                                           build/debug/syscalls.o
exit                                              c:/users/fascinating_sea/.eide/tools/gcc_arm/bin/../lib/gcc/arm-none-eabi/10.2.1/../../../../arm-none-eabi/lib/thumb/v7e-m+fp/hard\libc_nano.a(lib_a-exit.o)
                                                  c:/users/fascinating_sea/.eide/tools/gcc_arm/bin/../lib/gcc/arm-none-eabi/10.2.1/../../../../arm-none-eabi/lib/thumb/v7e-m+fp/hard/crt0.o
g_pfnVectors                                      build/debug/startup_stm32f407xx.o
hardware_init_hook                                c:/users/fascinating_sea/.eide/tools/gcc_arm/bin/../lib/gcc/arm-none-eabi/10.2.1/../../../../arm-none-eabi/lib/thumb/v7e-m+fp/hard/crt0.o
initialise_monitor_handles                        build/debug/syscalls.o
main                                              build/debug/main.o
                                                  build/debug/startup_stm32f407xx.o
                                                  c:/users/fascinating_sea/.eide/tools/gcc_arm/bin/../lib/gcc/arm-none-eabi/10.2.1/../../../../arm-none-eabi/lib/thumb/v7e-m+fp/hard/crt0.o
memset                                            c:/users/fascinating_sea/.eide/tools/gcc_arm/bin/../lib/gcc/arm-none-eabi/10.2.1/../../../../arm-none-eabi/lib/thumb/v7e-m+fp/hard\libc_nano.a(lib_a-memset.o)
                                                  build/debug/main.o
                                                  c:/users/fascinating_sea/.eide/tools/gcc_arm/bin/../lib/gcc/arm-none-eabi/10.2.1/../../../../arm-none-eabi/lib/thumb/v7e-m+fp/hard/crt0.o
pFlash                                            build/debug/stm32f4xx_hal_flash.o
                                                  build/debug/stm32f4xx_hal_flash_ex.o
software_init_hook                                c:/users/fascinating_sea/.eide/tools/gcc_arm/bin/../lib/gcc/arm-none-eabi/10.2.1/../../../../arm-none-eabi/lib/thumb/v7e-m+fp/hard/crt0.o
uwTick                                            build/debug/stm32f4xx_hal.o
uwTickFreq                                        build/debug/stm32f4xx_hal.o
uwTickPrio                                        build/debug/stm32f4xx_hal.o
                                                  build/debug/stm32f4xx_hal_rcc_ex.o
                                                  build/debug/stm32f4xx_hal_rcc.o
